node.exe : C:\Users\202
6\Documents\Project The
sis\inquisia.v2\node_mo
dules\@supabase\supabas
e-js\src\lib\helpers.ts
:86
At line:1 char:1
+ & "C:\Program 
Files\nodejs/node.exe" 
"C:\Program 
Files\nodejs/node_mo 
...
+ ~~~~~~~~~~~~~~~~~~~~~
~~~~~~~~~~~~~~~~~~~~~~~
~~~~~~~~~~~~~~~~~~~~~~~
~~
    + CategoryInfo     
         : 
NotSpecified:     
(C:\Users\2026\D...b   
 \helpers.ts:86:Strin  
  g) [], RemoteExcepti 
   on
    + 
FullyQualifiedErro    
rId : NativeCommandE   
 rror
 
    throw new 
Error('supabaseUrl is 
required.')
          ^

Error: supabaseUrl is 
required.
    at 
validateSupabaseUrl (C:
\Users\2026\Documents\P
roject Thesis\inquisia.
v2\node_modules\@supaba
se\supabase-js\src\lib\
helpers.ts:86:11)
    at new 
SupabaseClient (C:\User
s\2026\Documents\Projec
t Thesis\inquisia.v2\no
de_modules\@supabase\su
pabase-js\src\SupabaseC
lient.ts:117:21)
    at createClient (C:
\Users\2026\Documents\P
roject Thesis\inquisia.
v2\node_modules\@supaba
se\supabase-js\src\inde
x.ts:60:10)
    at <anonymous> (C:\
Users\2026\Documents\Pr
oject Thesis\inquisia.v
2\src\lib\supabase-admi
n.ts:10:30)
    at 
Object.<anonymous> (C:\
Users\2026\Documents\Pr
oject Thesis\inquisia.v
2\src\lib\supabase-admi
n.ts:10:67)
    at Module._compile 
(node:internal/modules/
cjs/loader:1804:14)
    at 
Object.transformer (C:\
Users\2026\AppData\Loca
l\npm-cache\_npx\fd45a7
2a545557e9\node_modules
\tsx\dist\register-D46f
vsV_.cjs:3:1104)
    at Module.load (nod
e:internal/modules/cjs/
loader:1525:32)
    at Module._load (no
de:internal/modules/cjs
/loader:1327:12)
    at TracingChannel.t
raceSync (node:diagnost
ics_channel:328:14)

Node.js v24.13.1
